

제목 : 26.01.03 제  1 일  토 요일   1경주;   

 1200 M   출전: 9두    국6등급   ( R0~0             3세       )     출발:10:35
 별정A         새해맞이 기념 경주
  24,750,000원    9,900,000원    6,300,000원    2,250,000원    1,800,000원 
------------------------------------------------------------------------------------------------------
 마번  마   명            산지  성별 연령 중량       기수       조교사     마주              레이팅
------------------------------------------------------------------------------------------------------
   1   컴퍼스포스          한    암   3  54.5       정우주      임채덕    이상진                   
   2   로드투퍼펙트        한    암   3  54.5       임다빈      정호익    최종복                   
   3   선라이즈킹          한    거   3  56.5       송재철      홍윤화    김은미                   
   4   구름                한    암   3  54.5       빅투아르    이동국    (주)쎄쎄쎄               
   5   골든디바            한(포)암   3  54.5       코지        토니      이민정                   
   6   서프라이즈          한    거   3  56.5       정정희      리카디    (주)나스카               
   7   금성퀸              한    암   3  53.5   (-1)김성현      김윤섭    조창규                   
   8   라비타              한    암   3  54.5       최범현      박지헌    죽마조합                 
   9   글로벌카드          한    수   3  56.5       장추열      이준철    장재형                   
------------------------------------------------------------------------------------------------------
                                                                          --총전적--      --1년전적--
 마번  마  명                  수득상금     1년수득상금  6개월수득상금  1위/2위/3위/계  1위/2위/3위/계
------------------------------------------------------------------------------------------------------
   1   컴퍼스포스                       0             0             0    0   0   0   1   0   0   0   1
   2   로드투퍼펙트                     0             0             0    0   0   0   0   0   0   0   0
   3   선라이즈킹                       0             0             0    0   0   0   0   0   0   0   0
   4   구름                             0             0             0    0   0   0   1   0   0   0   1
   5   골든디바                 8,100,000     8,100,000     8,100,000    0   0   1   2   0   0   1   2
   6   서프라이즈               9,900,000     9,900,000     9,900,000    0   1   0   1   0   1   0   1
   7   금성퀸                           0             0             0    0   0   0   0   0   0   0   0
   8   라비타                           0             0             0    0   0   0   1   0   0   0   1
   9   글로벌카드                       0             0             0    0   0   0   0   0   0   0   0
------------------------------------------------------------------------------------------------------


제목 : 26.01.03 제  1 일  토 요일   2경주;   

 1200 M   출전:11두    국6등급   ( R0~0             연령오픈  )     출발:11:00
 별정A         일반      
  16,500,000원    6,600,000원    4,200,000원    1,500,000원    1,200,000원 
------------------------------------------------------------------------------------------------------
 마번  마   명            산지  성별 연령 중량       기수       조교사     마주              레이팅
------------------------------------------------------------------------------------------------------
   1   비케이데블          한    암   3  54.5       조한별      조현수    함승원                   
   2   플레이스테이        한    수   4  57.0       송재철      이동국    김창만                   
   3   우마루              한    암   3  54.5       오수철      김윤섭    임흥호                   
   4   용비교              한    암   3  54.5       임기원      구자흥    정성진                   
   5   엘피다              한    암   3  54.5       해리카심    이관호    양은석                   
   6   세명피크            한(포)암   3  50.5   (-4)조성환      조현수    이기철                   
   7   케이엔스톰          한(포)거   4  53.0   (-4)권중석      송문길    조경수                   
   8   캡마왕              한    수   3  56.5       유승완      배휴준    하늬바람                 
   9   그레이스데이        한    수   3  56.5       정정희      안병기    정현주                   
  10   학산태풍            한    암   4  55.0       이동하      박병일    황봉기                   
  11   파라이바            한    암   3  54.5       임다빈      정호익    배은정                   
------------------------------------------------------------------------------------------------------
                                                                          --총전적--      --1년전적--
 마번  마  명                  수득상금     1년수득상금  6개월수득상금  1위/2위/3위/계  1위/2위/3위/계
------------------------------------------------------------------------------------------------------
   1   비케이데블                       0             0             0    0   0   0   3   0   0   0   3
   2   플레이스테이             1,200,000     1,200,000     1,200,000    0   0   0   2   0   0   0   2
   3   우마루                           0             0             0    0   0   0   2   0   0   0   2
   4   용비교                   9,600,000     9,600,000     9,600,000    0   0   1   3   0   0   1   3
   5   엘피다                           0             0             0    0   0   0   1   0   0   0   1
   6   세명피크                         0             0             0    0   0   0   2   0   0   0   2
   7   케이엔스톰               4,200,000     4,200,000     4,200,000    0   0   1   5   0   0   1   5
   8   캡마왕                           0             0             0    0   0   0   0   0   0   0   0
   9   그레이스데이             8,100,000     8,100,000     8,100,000    0   0   1   2   0   0   1   2
  10   학산태풍                 6,600,000     6,600,000     6,600,000    0   1   0   2   0   1   0   2
  11   파라이바                 8,100,000     8,100,000     8,100,000    0   0   1   2   0   0   1   2
------------------------------------------------------------------------------------------------------


제목 : 26.01.03 제  1 일  토 요일   3경주;   

 1300 M   출전:11두    국6등급   ( R0~0             연령오픈  )     출발:11:25
 별정A         일반      
  16,500,000원    6,600,000원    4,200,000원    1,500,000원    1,200,000원 
------------------------------------------------------------------------------------------------------
 마번  마   명            산지  성별 연령 중량       기수       조교사     마주              레이팅
------------------------------------------------------------------------------------------------------
   1   스마트해성          한    암   3  54.5       최범현      조현수    김조은                   
   2   비카드래곤          한    암   4  55.0       조한별      임채덕    김형란                   
   3   라온사파이어        한    암   3  54.5       조상범      박종곤    라온랜드(주)             
   4   위드도르티          한    암   4  55.0       조재로      김동철    최상일                   
   5   대한시대            한    수   3  56.5       김용근      강성오    이종수                   
   6   다정한              한    암   4  51.0   (-4)우인철      성상현    최상일                   
   7   위즈골드            한(포)암   4  55.0       임다빈      박지헌    최몽주                   
   8   스마트밍크          한    암   4  51.0   (-4)조성환      김동균    김은갑                   
   9   눈꽃                한    암   3  54.5       유승완      심승태    김선식                   
  10   케이사이먼          한    거   4  56.0   (-1)김성현      구자흥    정광화                   
  11   선더런              한    수   3  54.5   (-2)이상규      토니      죠셉달라오               
------------------------------------------------------------------------------------------------------
                                                                          --총전적--      --1년전적--
 마번  마  명                  수득상금     1년수득상금  6개월수득상금  1위/2위/3위/계  1위/2위/3위/계
------------------------------------------------------------------------------------------------------
   1   스마트해성              14,400,000    14,400,000    14,400,000    0   0   2   3   0   0   2   3
   2   비카드래곤               1,200,000     1,200,000             0    0   0   0   5   0   0   0   5
   3   라온사파이어             6,600,000     6,600,000     6,600,000    0   1   0   1   0   1   0   1
   4   위드도르티                       0             0             0    0   0   0   1   0   0   0   1
   5   대한시대                 2,250,000     2,250,000     2,250,000    0   0   0   3   0   0   0   3
   6   다정한                   7,800,000     7,800,000     7,800,000    0   0   1   3   0   0   1   3
   7   위즈골드                         0             0             0    0   0   0   3   0   0   0   3
   8   스마트밍크               1,200,000     1,200,000     1,200,000    0   0   0  10   0   0   0  10
   9   눈꽃                             0             0             0    0   0   0   3   0   0   0   3
  10   케이사이먼               2,700,000     2,700,000     1,500,000    0   0   0  10   0   0   0   9
  11   선더런                   4,650,000     4,650,000     4,650,000    0   0   0   6   0   0   0   6
------------------------------------------------------------------------------------------------------


제목 : 26.01.03 제  1 일  토 요일   4경주;   

 1400 M   출전:11두    국6등급   ( R0~0             연령오픈  )     출발:12:45
 별정A         일반      
  16,500,000원    6,600,000원    4,200,000원    1,500,000원    1,200,000원 
------------------------------------------------------------------------------------------------------
 마번  마   명            산지  성별 연령 중량       기수       조교사     마주              레이팅
------------------------------------------------------------------------------------------------------
   1   검은숲              한    수   3  56.5       김용근      강성오    박치문                   
   2   은하칼라스          한    암   4  55.0       빅투아르    박윤규    오종환                   
   3   엠제이베트          한    암   4  55.0       김옥성      김동균    박정재                   
   4   청룡기운            한    거   4  57.0       푸르칸      최용건    박재범                   
   5   신천하트            한    암   4  55.0       문정균      홍대유    문종원                   
   6   차밍큐피드          한    암   4  54.0   (-1)김성현      서범석    서순배                   
   7   더블블레이드        한    암   4  55.0       조한별      박천서    유성훈                   
   8   서해바다            한    암   5  51.0   (-4)조성환      배휴준    함운일                   
   9   스마트워리어        한    암   4  51.0   (-4)권중석      심승태    박정재                   
  10   트리플팔메토        한    암   4  55.0       장추열      김동균    박성구                   
  11   발키리              한    암   4  55.0       김태희      박재우    김세권                   
------------------------------------------------------------------------------------------------------
                                                                          --총전적--      --1년전적--
 마번  마  명                  수득상금     1년수득상금  6개월수득상금  1위/2위/3위/계  1위/2위/3위/계
------------------------------------------------------------------------------------------------------
   1   검은숲                  12,900,000    12,900,000    12,900,000    0   1   0   4   0   1   0   4
   2   은하칼라스               1,200,000     1,200,000     1,200,000    0   0   0   5   0   0   0   5
   3   엠제이베트                       0             0             0    0   0   0   6   0   0   0   6
   4   청룡기운                 7,500,000     7,500,000             0    0   0   1   9   0   0   1   9
   5   신천하트                 1,200,000     1,200,000     1,200,000    0   0   0   6   0   0   0   6
   6   차밍큐피드                       0             0             0    0   0   0   7   0   0   0   6
   7   더블블레이드                     0             0             0    0   0   0   6   0   0   0   3
   8   서해바다                13,400,000     4,800,000             0    0   0   1  15   0   0   0   9
   9   스마트워리어             1,200,000     1,200,000     1,200,000    0   0   0   9   0   0   0   9
  10   트리플팔메토             7,200,000     7,200,000     6,000,000    0   0   0   7   0   0   0   7
  11   발키리                   1,500,000     1,500,000             0    0   0   0  10   0   0   0   8
------------------------------------------------------------------------------------------------------


제목 : 26.01.03 제  1 일  토 요일   5경주;   

 1200 M   출전:11두    국5등급   ( R1~35            연령오픈  )     출발:13:35
 핸디캡        일반      
  24,750,000원    9,900,000원    6,300,000원    2,250,000원    1,800,000원 
------------------------------------------------------------------------------------------------------
 마번  마   명            산지  성별 연령 중량       기수       조교사     마주              레이팅
------------------------------------------------------------------------------------------------------
   1   라온파이널          한    암   3  52.5       조재로      박종곤    손천수                 29
   2   원더풀동촌          한    거   5  56.0   (-1)김성현      구자흥    남승현                 35
   3   블랙스펙터          한    수   5  55.5       오수철      배휴준    허영희                 32
   4   브리도트로피        한    수   4  52.0   (-4)권중석      정하백    조수영                 33
   5   크레이지망고        한    수   4  53.5       김태희      신삼영    서창식                 28
   6   굿프렌드            한    암   4  52.5       송재철      안병기    말사모                 23
   7   안양쓰나미          한    암   5  52.5       유승완      김윤섭    이상진                 25
   8   나르샤노바          한    암   3  52.5       루이스      정호익    (주)아진화학           29
   9   청산돌풍            한    수   3  52.0       임기원      이관호    황은호                 26
  10   플라잉라이언        한    암   5  51.0   (-4)우인철      송문길    김형순                 31
  11   용비신화            한    수   3  53.5       장추열      홍대유    정성진                 29
------------------------------------------------------------------------------------------------------
                                                                          --총전적--      --1년전적--
 마번  마  명                  수득상금     1년수득상금  6개월수득상금  1위/2위/3위/계  1위/2위/3위/계
------------------------------------------------------------------------------------------------------
   1   라온파이널              16,500,000    16,500,000    16,500,000    1   0   0   4   1   0   0   4
   2   원더풀동촌              42,750,000    38,550,000             0    1   2   1   8   1   2   0   5
   3   블랙스펙터              62,250,000     7,800,000     1,800,000    2   0   1  20   0   0   0  12
   4   브리도트로피            55,650,000    43,950,000    27,450,000    1   0   6  16   1   0   4  10
   5   크레이지망고            18,000,000    18,000,000             0    1   0   0   6   1   0   0   5
   6   굿프렌드                29,550,000    29,550,000    12,150,000    0   2   2  16   0   2   2  15
   7   안양쓰나미              23,800,000     4,500,000     2,250,000    1   0   0  15   0   0   0   7
   8   나르샤노바              16,500,000    16,500,000    16,500,000    1   0   0   3   1   0   0   3
   9   청산돌풍                22,050,000    22,050,000    22,050,000    0   2   0   3   0   2   0   3
  10   플라잉라이언            58,350,000    50,550,000     6,300,000    2   0   2  21   2   0   1  10
  11   용비신화                19,500,000    19,500,000    13,200,000    0   2   1   5   0   2   1   5
------------------------------------------------------------------------------------------------------


제목 : 26.01.03 제  1 일  토 요일   6경주;   

 1700 M   출전:11두    국5등급   ( R1~35            연령오픈  )     출발:14:25
 핸디캡        일반      
  24,750,000원    9,900,000원    6,300,000원    2,250,000원    1,800,000원 
------------------------------------------------------------------------------------------------------
 마번  마   명            산지  성별 연령 중량       기수       조교사     마주              레이팅
------------------------------------------------------------------------------------------------------
   1   크리솔피스          한    수   4  53.5       유승완      안병기    요시다 가츠미          28
   2   이십년세월          한    수   3  53.0       이동하      조현수    이혜란                 28
   3   뷰티풀화성          한    거   5  52.5   (-4)우인철      이관호    명마조합               34
   4   더엑설런트          한    수   3  54.0       조재로      서인석    박준배                 30
   5   라이브스타          한    수   3  54.0       장추열      문병기    (주)나스카             30
   6   금빛파워            한    거   5  54.5       해리카심    배휴준    퍼플라인               30
   7   사바나찰리          한(포)거   6  54.0       정우주      최봉주    배은정                 29
   8   질풍아              한(포)수   3  54.5       임다빈      정호익    손병철                 31
   9   선갤런트            한    수   5  52.0   (-1)김성현      서범석    이신근                 27
  10   샤크텐              한    거   5  53.5       조상범      박지헌    힐링팜조합             28
  11   소프트파워          한    암   5  52.5       이용호      송문길    피닉스                 29
------------------------------------------------------------------------------------------------------
                                                                          --총전적--      --1년전적--
 마번  마  명                  수득상금     1년수득상금  6개월수득상금  1위/2위/3위/계  1위/2위/3위/계
------------------------------------------------------------------------------------------------------
   1   크리솔피스              22,950,000    22,950,000    22,950,000    1   0   1   6   1   0   1   6
   2   이십년세월              13,200,000    13,200,000    13,200,000    0   2   0   4   0   2   0   4
   3   뷰티풀화성              69,350,000    51,150,000    32,850,000    1   3   2  21   1   2   1  10
   4   더엑설런트              19,800,000    19,800,000    18,000,000    1   0   0   5   1   0   0   5
   5   라이브스타              34,200,000    34,200,000    34,200,000    1   1   1   4   1   1   1   4
   6   금빛파워                27,000,000    27,000,000    27,000,000    1   0   2   3   1   0   2   3
   7   사바나찰리              48,500,000    29,400,000    21,000,000    0   2   2  29   0   2   1  12
   8   질풍아                  40,050,000    40,050,000    37,800,000    1   1   2   8   1   1   2   8
   9   선갤런트                19,200,000    15,000,000    15,000,000    0   1   2  26   0   1   2  12
  10   샤크텐                  49,050,000    30,150,000    27,900,000    0   4   1  16   0   2   1  10
  11   소프트파워              42,900,000    12,150,000     6,300,000    1   1   2  14   0   0   1   6
------------------------------------------------------------------------------------------------------


제목 : 26.01.03 제  1 일  토 요일   7경주;   

 1800 M   출전:11두    혼4등급   ( R0~50            연령오픈  )     출발:15:15
 핸디캡        일반      
  33,000,000원   13,200,000원    8,400,000원    3,000,000원    2,400,000원 
------------------------------------------------------------------------------------------------------
 마번  마   명            산지  성별 연령 중량       기수       조교사     마주              레이팅
------------------------------------------------------------------------------------------------------
   1   블레이밍워          미    암   4  52.5       해리카심    정호익    에스지이건설           41
   2   블랙시대            한    수   5  52.5       김용근      강성오    이강운                 39
   3   글로리시티          뉴    수   5  56.0       정우주      이관호    (주)디알엠씨티         46
   4   마이티프리          호    거   5  51.0   (-4)우인철      함완식    조병태                 36
   5   시크릿왕자          한    거   6  53.0       김효정      박윤규    최동근                 40
   6   골드베르크          한    암   5  52.5       이용호      송문길    이정화                 36
   7   탭딘                한(포)수   4  53.0       빅투아르    문병기    최상일                 40
   8   나이스브로          미    거   3  51.5       김태희      성상현    박병현                 38
   9   스터닝플래터        한    거   5  55.5       송재철      김동균    박정배                 45
  10   에펠탑              한    거   6  53.5   (-4)권중석      심승태    오종환                 49
  11   영원자이언트        한    수   5  52.5       루이스      송문길    이종훈                 38
------------------------------------------------------------------------------------------------------
                                                                          --총전적--      --1년전적--
 마번  마  명                  수득상금     1년수득상금  6개월수득상금  1위/2위/3위/계  1위/2위/3위/계
------------------------------------------------------------------------------------------------------
   1   블레이밍워              62,250,000    62,250,000     3,750,000    1   0   1  13   1   0   1   8
   2   블랙시대                85,650,000    67,950,000    59,850,000    1   3   4  19   1   2   2  10
   3   글로리시티              74,400,000    74,400,000    54,600,000    1   1   3  14   1   1   3  10
   4   마이티프리               4,800,000     4,800,000     4,800,000    0   0   0   8   0   0   0   6
   5   시크릿왕자              93,350,000    33,150,000    24,750,000    2   2   4  33   1   0   1  12
   6   골드베르크              85,550,000    16,200,000     3,000,000    2   0   3  21   0   0   1   8
   7   탭딘                    84,150,000    77,850,000    24,000,000    2   1   4  10   2   1   3   9
   8   나이스브로                       0             0             0    0   0   0   1   0   0   0   1
   9   스터닝플래터           107,850,000    64,350,000    46,350,000    2   3   4  16   1   2   1   9
  10   에펠탑                 120,850,000    23,250,000             0    2   4   3  26   0   1   0  10
  11   영원자이언트            74,550,000    51,750,000    27,000,000    0   4   4  21   0   2   4  10
------------------------------------------------------------------------------------------------------


제목 : 26.01.03 제  1 일  토 요일   8경주;   

 1600 M   출전:10두    혼4등급   ( R0~50            연령오픈  )     출발:16:05
 핸디캡        일반      
  33,000,000원   13,200,000원    8,400,000원    3,000,000원    2,400,000원 
------------------------------------------------------------------------------------------------------
 마번  마   명            산지  성별 연령 중량       기수       조교사     마주              레이팅
------------------------------------------------------------------------------------------------------
   1   간다고              한    암   5  52.5       김옥성      전승규    퍼플라인               36
   2   박차라              미    수   4  56.0       루이스      최용건    우태율                 46
   3   파사스파크          미    암   3  52.5       송재철      서홍수    황현                   36
   4   정상해돋이          미    거   4  52.5       해리카심    강환민    정동진                 36
   5   하남엘도라도        미    수   4  52.5       임다빈      홍대유    송한우                 39
   6   우왕륭              미    거   5  54.0   (-4)우인철      홍윤화    임흥호                 50
   7   로열플러스          한    암   5  51.0   (-4)조성환      최용구    이장호                 48
   8   티나케이            미    암   5  52.5       푸르칸      우창구    강경운                 43
   9   미스콩코드          한    암   5  54.0   (-2)이상규      토니      최상기                 50
  10   손에손잡고          한    암   5  54.0       문정균      홍대유    김종식                 46
------------------------------------------------------------------------------------------------------
                                                                          --총전적--      --1년전적--
 마번  마  명                  수득상금     1년수득상금  6개월수득상금  1위/2위/3위/계  1위/2위/3위/계
------------------------------------------------------------------------------------------------------
   1   간다고                  69,450,000    43,350,000    12,300,000    2   2   1  16   1   1   1  10
   2   박차라                  51,300,000    51,300,000    34,800,000    0   3   0  11   0   3   0   9
   3   파사스파크                       0             0             0    0   0   0   3   0   0   0   3
   4   정상해돋이              13,800,000    13,800,000    11,400,000    0   0   1  10   0   0   1   9
   5   하남엘도라도            21,000,000    21,000,000    18,600,000    0   1   0  10   0   1   0  10
   6   우왕륭                  71,400,000    38,400,000     3,000,000    2   0   0  15   2   0   0  10
   7   로열플러스             127,850,000   101,400,000    64,050,000    4   0   4  22   3   0   3  11
   8   티나케이                80,850,000    45,000,000    15,600,000    0   3   3  23   0   2   1  12
   9   미스콩코드             120,850,000    86,400,000    54,600,000    2   4   2  21   1   3   2  12
  10   손에손잡고             130,650,000    87,150,000    74,550,000    3   3   2  16   1   3   2  10
------------------------------------------------------------------------------------------------------


제목 : 26.01.03 제  1 일  토 요일   9경주;   

 1400 M   출전:11두    국4등급   ( R1~50            연령오픈  )     출발:16:55
 핸디캡        일반      
  33,000,000원   13,200,000원    8,400,000원    3,000,000원    2,400,000원 
------------------------------------------------------------------------------------------------------
 마번  마   명            산지  성별 연령 중량       기수       조교사     마주              레이팅
------------------------------------------------------------------------------------------------------
   1   사하라몬드          한    거   5  54.0   (-4)우인철      김동균    (주)쎄쎄쎄             50
   2   스파클링            한    거   5  55.0       김효정      서홍수    조용학                 44
   3   서울불청객          한    수   4  58.0       이동하      송문길    (주)나스카             50
   4   컴플리트스텝        한    암   6  52.5       조한별      이신우    장석영                 36
   5   치프스타            한    암   3  55.5       최범현      문병기    김길리                 50
   6   송암스카이          한    암   5  54.0       김옥성      박병일    송암축산               46
   7   벌교차돌            한    암   5  52.5       루이스      홍대유    유성훈                 39
   8   사이클론스타        한    거   5  54.0       코지        강환민    신승열                 42
   9   비바청수            한    암   5  52.0       조상범      박지헌    청수                   42
  10   특급파티            한    암   4  52.5       조재로      서인석    김근영                 38
  11   추풍령              한    수   4  53.0   (-4)권중석      홍대유    김종식                 48
------------------------------------------------------------------------------------------------------
                                                                          --총전적--      --1년전적--
 마번  마  명                  수득상금     1년수득상금  6개월수득상금  1위/2위/3위/계  1위/2위/3위/계
------------------------------------------------------------------------------------------------------
   1   사하라몬드             127,750,000    23,700,000     3,750,000    3   2   2  22   0   1   0  10
   2   스파클링                79,350,000    79,350,000    41,400,000    2   2   1  11   2   2   1   9
   3   서울불청객              90,500,000    33,000,000             0    3   0   0   9   1   0   0   4
   4   컴플리트스텝            63,350,000    10,800,000     8,400,000    2   0   3  15   0   0   1   8
   5   치프스타               209,000,000   209,000,000   209,000,000    3   0   0   3   3   0   0   3
   6   송암스카이             134,600,000    95,550,000             0    4   0   1  25   3   0   1  11
   7   벌교차돌                77,500,000    25,800,000    18,000,000    2   2   0  21   0   1   0  13
   8   사이클론스타            84,000,000    74,400,000     8,400,000    3   0   3  14   3   0   1   8
   9   비바청수                86,650,000    32,850,000             0    2   2   2  14   1   0   1   7
  10   특급파티                69,750,000    69,750,000    40,950,000    2   2   1   9   2   2   1   9
  11   추풍령                  86,250,000    84,450,000    10,200,000    3   0   0  13   3   0   0  11
------------------------------------------------------------------------------------------------------


제목 : 26.01.03 제  1 일  토 요일  10경주;   

 1200 M   출전:10두    혼3등급   ( R1~65            연령오픈  )     출발:17:25
 핸디캡        일반      
  41,250,000원   16,500,000원   10,500,000원    3,750,000원    3,000,000원 
------------------------------------------------------------------------------------------------------
 마번  마   명            산지  성별 연령 중량       기수       조교사     마주              레이팅
------------------------------------------------------------------------------------------------------
   1   댄싱위즈            미    수   5  54.5       김효정      홍윤화    최몽주                 57
   2   런와일드            한    거   5  55.5       장추열      이관호    손병현                 59
   3   원평킬라            한(포)수   6  52.5       해리카심    서인석    김용재                 51
   4   한센브레이싱        한    암   4  55.5       이동하      전승규    (주)자성실업           63
   5   나이스치타          미    암   5  52.5       정우주      홍대유    에스지이건설           51
   6   대흥클래스          한    수   6  54.0       조재로      최봉주    임한용                 56
   7   캡틴삼칠이          미    수   5  53.5       유승완      홍대유    에스지이건설           55
   8   아마존킹            한    거   7  52.0   (-2)이상규      토니      허훈                   56
   9   네이비캡틴          미    수   4  58.0       김용근      이신우    범한산업               64
  10   정성팩터            미    수   5  52.5       이용호      서인석    전성열                 36
------------------------------------------------------------------------------------------------------
                                                                          --총전적--      --1년전적--
 마번  마  명                  수득상금     1년수득상금  6개월수득상금  1위/2위/3위/계  1위/2위/3위/계
------------------------------------------------------------------------------------------------------
   1   댄싱위즈                68,100,000     3,000,000     3,000,000    1   1   2   7   0   0   0   3
   2   런와일드               116,050,000    94,050,000    46,200,000    3   4   0  11   2   3   0   8
   3   원평킬라               167,700,000    13,500,000             0    2   5   3  30   0   0   1   9
   4   한센브레이싱           189,000,000   144,150,000   119,400,000    5   2   2  13   4   0   1   8
   5   나이스치타              60,450,000     3,000,000             0    1   1   0  11   0   0   0   5
   6   대흥클래스             188,100,000    68,100,000    19,500,000    0  10   8  32   0   3   2   9
   7   캡틴삼칠이              98,850,000             0             0    2   1   1  16   0   0   0   3
   8   아마존킹               208,100,000    87,000,000    68,400,000    3   5   5  42   1   2   2  11
   9   네이비캡틴             130,950,000    51,750,000     3,750,000    2   3   0  13   1   0   0   7
  10   정성팩터                24,000,000    10,800,000             0    0   0   2  20   0   0   1  10
------------------------------------------------------------------------------------------------------


제목 : 26.01.03 제  1 일  토 요일  11경주;   

 1400 M   출전:11두    2등급   ( R1~80            연령오픈  )     출발:17:55
 핸디캡        일반      
  49,500,000원   19,800,000원   12,600,000원    4,500,000원    3,600,000원 
------------------------------------------------------------------------------------------------------
 마번  마   명            산지  성별 연령 중량       기수       조교사     마주              레이팅
------------------------------------------------------------------------------------------------------
   1   탑티어              미    수   4  54.5       코지        우창구    안영환                 69
   2   엠제이베스트        한    수   8  54.5       김효정      문병기    박정재                 69
   3   최고게임            미    수   5  53.5       이동하      강성오    이기선                 67
   4   강남불청객          한    수   5  58.0       장추열      송문길    (주)나스카             76
   5   몬탁챗              미    수   5  57.0       임기원      임채덕    조금제                 74
   6   베스트레이스        한    수   4  57.0       최범현      박지헌    죽마조합               74
   7   베트캡틴            한    수   6  53.0       루이스      송문길    박정재                 66
   8   실버레인            한    수   4  58.0       정정희      안병기    조근식                 76
   9   오늘도스마일        한    암   4  54.5       이용호      문병기    (주)나스카             73
  10   쏘아라스타          한    수   4  54.0       임다빈      이관호    현태봉                 68
  11   허쉬대보            한    수  10  54.5   (-4)조성환      전승규    박철근                 77
------------------------------------------------------------------------------------------------------
                                                                          --총전적--      --1년전적--
 마번  마  명                  수득상금     1년수득상금  6개월수득상금  1위/2위/3위/계  1위/2위/3위/계
------------------------------------------------------------------------------------------------------
   1   탑티어                 163,950,000   106,200,000    20,700,000    3   1   1  11   2   0   1   8
   2   엠제이베스트           336,590,000    72,000,000    44,100,000    4   6   8  55   0   2   1  15
   3   최고게임               180,150,000   135,750,000    47,250,000    3   2   3  18   3   1   0   8
   4   강남불청객             296,200,000    62,700,000    58,200,000    5   3   2  15   0   1   2   5
   5   몬탁챗                 254,650,000    66,600,000    62,100,000    3   3   1  25   1   0   0  12
   6   베스트레이스           313,400,000   254,000,000   165,000,000    6   1   1  11   4   0   1   8
   7   베트캡틴               169,750,000    44,850,000             0    5   1   1  19   1   0   0   6
   8   실버레인               369,800,000   200,750,000   167,750,000    5   3   2  12   3   3   0   7
   9   오늘도스마일           380,750,000   380,750,000   298,250,000    5   1   1   7   5   1   1   7
  10   쏘아라스타             235,300,000   225,400,000   146,500,000    5   3   2  12   5   2   2  11
  11   허쉬대보               315,830,000     8,100,000     8,100,000    7   2   0  28   0   0   0   5
------------------------------------------------------------------------------------------------------


제목 : 26.01.04 제  2 일  일 요일   1경주;   

 1200 M   출전:11두    국6등급   ( R0~0             연령오픈  )     출발:10:35
 별정A         일반      
  16,500,000원    6,600,000원    4,200,000원    1,500,000원    1,200,000원 
------------------------------------------------------------------------------------------------------
 마번  마   명            산지  성별 연령 중량       기수       조교사     마주              레이팅
------------------------------------------------------------------------------------------------------
   1   강한프린세스        한    암   3  54.5       문정균      홍대유    강수덕                   
   2   더선아미르          한    암   3  54.5       최범현      조현수    한명로                   
   3   거센무적            한(포)수   3  56.5       유승완      이관호    강석대                   
   4   로드투모카신        한    암   3  52.5   (-2)이상규      토니      최종복                   
   5   골든워리어          한    암   3  54.5       김태희      서인석    홍상기                   
   6   타이거불패          한    암   3  54.5       김용근      이준철    (주)메타플렉스           
   7   빅블라인드          한    수   3  55.5   (-1)김성현      김동철    조현영                   
   8   다나은루비          한    암   3  54.5       송재철      김동균    이진경                   
   9   라온더클라라        한    암   3  54.5       정우주      박종곤    라온랜드(주)             
  10   선글라스            한    암   3  54.5       장추열      서범석    초춘탁                   
  11   빛나리즈            한    암   3  54.5       루이스      박재우    (주)디알엠씨티           
------------------------------------------------------------------------------------------------------
                                                                          --총전적--      --1년전적--
 마번  마  명                  수득상금     1년수득상금  6개월수득상금  1위/2위/3위/계  1위/2위/3위/계
------------------------------------------------------------------------------------------------------
   1   강한프린세스                     0             0             0    0   0   0   2   0   0   0   2
   2   더선아미르                       0             0             0    0   0   0   1   0   0   0   1
   3   거센무적                 1,800,000     1,800,000     1,800,000    0   0   0   2   0   0   0   2
   4   로드투모카신                     0             0             0    0   0   0   1   0   0   0   1
   5   골든워리어                       0             0             0    0   0   0   1   0   0   0   1
   6   타이거불패              16,200,000    16,200,000    16,200,000    0   1   1   2   0   1   1   2
   7   빅블라인드                       0             0             0    0   0   0   2   0   0   0   2
   8   다나은루비                       0             0             0    0   0   0   2   0   0   0   2
   9   라온더클라라                     0             0             0    0   0   0   1   0   0   0   1
  10   선글라스                         0             0             0    0   0   0   0   0   0   0   0
  11   빛나리즈                         0             0             0    0   0   0   1   0   0   0   1
------------------------------------------------------------------------------------------------------


제목 : 26.01.04 제  2 일  일 요일   2경주;   

 1400 M   출전:11두    국6등급   ( R0~0             연령오픈  )     출발:11:00
 별정A         일반      
  16,500,000원    6,600,000원    4,200,000원    1,500,000원    1,200,000원 
------------------------------------------------------------------------------------------------------
 마번  마   명            산지  성별 연령 중량       기수       조교사     마주              레이팅
------------------------------------------------------------------------------------------------------
   1   키아오라            한    암   4  55.0       김태희      성상현    박재용                   
   2   글로리데이          한    암   4  51.0   (-4)조성환      최영주    청솔                     
   3   프루프              한    거   4  55.0   (-2)이상규      배휴준    김용래                   
   4   베스트프리덤        한    수   3  56.5       루이스      박재우    박민지                   
   5   크리솔포시          한    암   5  55.0       송재철      전승규    요시다 가츠미            
   6   원더풀다르샨        한    수   4  53.0   (-4)권중석      강성오    지성배                   
   7   달빛소나타          한    암   4  55.0       이용호      신삼영    피닉스                   
   8   운주프린스          한    수   3  56.5       김용근      김동균    부수선                   
   9   퍼펙트게임          한    수   4  57.0       빅투아르    박지헌    김정성                   
  10   레드동백            한    암   3  54.5       푸르칸      박윤규    이방훈                   
  11   송당파티            한    암   4  51.0   (-4)우인철      심승태    제주축산개발             
------------------------------------------------------------------------------------------------------
                                                                          --총전적--      --1년전적--
 마번  마  명                  수득상금     1년수득상금  6개월수득상금  1위/2위/3위/계  1위/2위/3위/계
------------------------------------------------------------------------------------------------------
   1   키아오라                 5,700,000     5,700,000     4,200,000    0   0   1   7   0   0   1   6
   2   글로리데이               3,000,000     3,000,000             0    0   0   0   7   0   0   0   7
   3   프루프                   1,200,000     1,200,000     1,200,000    0   0   0  12   0   0   0  11
   4   베스트프리덤             1,800,000     1,800,000     1,800,000    0   0   0   3   0   0   0   3
   5   크리솔포시                       0             0             0    0   0   0   1   0   0   0   1
   6   원더풀다르샨             1,500,000     1,500,000     1,500,000    0   0   0   3   0   0   0   3
   7   달빛소나타               4,200,000     4,200,000     4,200,000    0   0   1   7   0   0   1   7
   8   운주프린스               9,900,000     9,900,000     9,900,000    0   1   0   2   0   1   0   2
   9   퍼펙트게임                       0             0             0    0   0   0   6   0   0   0   6
  10   레드동백                         0             0             0    0   0   0   3   0   0   0   3
  11   송당파티                         0             0             0    0   0   0   6   0   0   0   6
------------------------------------------------------------------------------------------------------


제목 : 26.01.04 제  2 일  일 요일   3경주;   

 1400 M   출전:11두    국5등급   ( R1~35            연령오픈  )     출발:12:05
 핸디캡        일반      
  24,750,000원    9,900,000원    6,300,000원    2,250,000원    1,800,000원 
------------------------------------------------------------------------------------------------------
 마번  마   명            산지  성별 연령 중량       기수       조교사     마주              레이팅
------------------------------------------------------------------------------------------------------
   1   브리도킹스타        한    거   5  52.0       루이스      정하백    조수영                 25
   2   제이디강자          한    수   3  51.0   (-4)우인철      구자흥    이월희                 29
   3   엑스팩터            한    거   5  54.0       김옥성      김동균    공이공팔               29
   4   학산프린스          한    수   4  56.5       이동하      안병기    황봉기                 34
   5   엘리트피스          한    거   5  53.5       조한별      신삼영    태희종합건설           28
   6   슬링스타            한    거   4  54.5       장추열      김동균    강현철                 30
   7   마스터콰이곤        한    수   4  54.5       정정희      리카디    이호열                 30
   8   동키플레이          한    암   5  53.0       조재로      최영주    조현영                 31
   9   지플렉스            한    수   3  53.5       김태희      박윤규    최동근                 29
  10   이클립스더퀸        한    암   4  52.0       송재철      강성오    조한수                 29
  11   세인트위너          한(포)수   4  55.0       최범현      서홍수    허윤범                 31
------------------------------------------------------------------------------------------------------
                                                                          --총전적--      --1년전적--
 마번  마  명                  수득상금     1년수득상금  6개월수득상금  1위/2위/3위/계  1위/2위/3위/계
------------------------------------------------------------------------------------------------------
   1   브리도킹스타            36,000,000    22,800,000    13,950,000    0   2   2  17   0   2   0  11
   2   제이디강자              42,750,000    42,750,000    42,750,000    1   0   0   4   1   0   0   4
   3   엑스팩터                34,350,000    23,550,000    20,550,000    1   1   1  11   1   0   0   8
   4   학산프린스              45,000,000    45,000,000    32,700,000    0   4   2  16   0   4   2  14
   5   엘리트피스              39,300,000    16,200,000     4,050,000    1   2   0  17   0   1   0   9
   6   슬링스타                29,400,000    29,400,000             0    1   1   1   4   1   1   1   4
   7   마스터콰이곤            23,100,000    23,100,000    23,100,000    1   1   0   3   1   1   0   3
   8   동키플레이              42,450,000    29,250,000     4,500,000    1   2   0  12   1   0   0   7
   9   지플렉스                24,750,000    24,750,000    24,750,000    1   0   0   1   1   0   0   1
  10   이클립스더퀸            30,600,000    30,600,000     9,900,000    1   1   1  10   1   1   1   8
  11   세인트위너              35,400,000    35,400,000    28,200,000    0   2   3  12   0   2   3  11
------------------------------------------------------------------------------------------------------


제목 : 26.01.04 제  2 일  일 요일   4경주;   

 1300 M   출전:11두    국5등급   ( R1~35            연령오픈  )     출발:13:10
 핸디캡        일반      
  24,750,000원    9,900,000원    6,300,000원    2,250,000원    1,800,000원 
------------------------------------------------------------------------------------------------------
 마번  마   명            산지  성별 연령 중량       기수       조교사     마주              레이팅
------------------------------------------------------------------------------------------------------
   1   머스킷클리버        한    수   3  55.5       최범현      박지헌    박남성                 32
   2   주링스카이          한    암   5  51.0   (-4)조성환      김동균    최임규                 31
   3   겨울장미            한    암   4  53.0       이용호      송문길    (주)나스카             30
   4   마이티샤인          한    암   3  52.5       이동하      서홍수    조제형                 29
   5   섬싱다크            한    수   4  53.0       김옥성      홍대유    정춘복                 26
   6   음성파워            한    거   5  55.0       루이스      함완식    씨유네트워크           30
   7   올포유어드림        한    수   7  54.5       김태희      신삼영    서창식                 29
   8   선캐처              한    암   4  52.5       정정희      홍윤화    우상균                 25
   9   금아포모스트        한    거   4  56.0       조재로      이관호    금아산업(주)           32
  10   해맞이              한    암   4  52.5       임다빈      최봉주    박태준                 26
  11   레인스타            한    암   5  53.5       유승완      심승태    김선식                 31
------------------------------------------------------------------------------------------------------
                                                                          --총전적--      --1년전적--
 마번  마  명                  수득상금     1년수득상금  6개월수득상금  1위/2위/3위/계  1위/2위/3위/계
------------------------------------------------------------------------------------------------------
   1   머스킷클리버            34,650,000    34,650,000    34,650,000    1   1   0   4   1   1   0   4
   2   주링스카이              61,800,000    31,500,000    31,500,000    2   0   2  23   1   0   0  12
   3   겨울장미                25,200,000    25,200,000    12,900,000    0   2   2   7   0   2   2   7
   4   마이티샤인              24,300,000    24,300,000    24,300,000    1   0   1   4   1   0   1   4
   5   섬싱다크                29,700,000    29,700,000    22,800,000    1   0   2  15   1   0   2  12
   6   음성파워                49,950,000    18,450,000             0    1   2   1  17   0   1   1   9
   7   올포유어드림            98,450,000     1,800,000     1,800,000    2   2   2  39   0   0   0   9
   8   선캐처                  16,500,000    16,500,000             0    1   0   0   9   1   0   0   9
   9   금아포모스트            56,100,000    31,500,000    11,700,000    0   4   2  13   0   2   1   9
  10   해맞이                  14,400,000    14,400,000    13,200,000    0   2   0  10   0   2   0   8
  11   레인스타                62,800,000    38,700,000    26,550,000    2   1   0  23   1   1   0  11
------------------------------------------------------------------------------------------------------


제목 : 26.01.04 제  2 일  일 요일   5경주;   

 1200 M   출전:11두    국5등급   ( R1~35            연령오픈  )     출발:14:00
 핸디캡        일반      
  24,750,000원    9,900,000원    6,300,000원    2,250,000원    1,800,000원 
------------------------------------------------------------------------------------------------------
 마번  마   명            산지  성별 연령 중량       기수       조교사     마주              레이팅
------------------------------------------------------------------------------------------------------
   1   문학파이터          한    암   4  53.5       임다빈      정호익    권경자                 31
   2   스위트송            한    암   4  52.5       김효정      강성오    김정철                 25
   3   빛나라              한    거   4  52.5   (-1)김성현      박천서    이창모                 27
   4   위너글로리          한    암   4  53.5       오수철      김윤섭    간용기                 31
   5   엑설런트한센        한    암   4  52.5       문정균      김동균    박정배                 26
   6   혜원용마            한    암   5  52.5       김용근      서인석    이혜섭                 25
   7   크로마이트          한    거   6  54.0       최범현      전승규    박기태                 28
   8   베스트드림          한    암   4  52.5       송재철      이관호    베스트샤인조합         29
   9   라온스나이퍼        한    암   3  52.0       이동하      박종곤    손천수                 29
  10   예스마담            한    암   4  51.0       김태희      박재우    조창규                 23
  11   보스토크            한    암   4  52.0       해리카심    박윤규    용치우                 28
------------------------------------------------------------------------------------------------------
                                                                          --총전적--      --1년전적--
 마번  마  명                  수득상금     1년수득상금  6개월수득상금  1위/2위/3위/계  1위/2위/3위/계
------------------------------------------------------------------------------------------------------
   1   문학파이터              44,250,000    44,250,000    16,650,000    1   1   2   7   1   1   2   7
   2   스위트송                18,000,000    18,000,000             0    1   0   0   9   1   0   0   9
   3   빛나라                  16,200,000    16,200,000     6,600,000    0   1   2   6   0   1   2   6
   4   위너글로리              41,100,000    33,000,000     9,900,000    1   2   1   7   1   2   0   5
   5   엑설런트한센            25,050,000    25,050,000     8,550,000    0   1   3  11   0   1   3   8
   6   혜원용마                19,950,000    13,350,000     7,950,000    0   1   2  13   0   0   2   8
   7   크로마이트              77,950,000    40,950,000    28,800,000    1   1   4  37   1   1   0  15
   8   베스트드림              24,300,000    24,300,000    23,100,000    0   3   0   8   0   3   0   8
   9   라온스나이퍼            23,100,000    23,100,000    23,100,000    1   1   0   4   1   1   0   4
  10   예스마담                17,250,000     2,250,000             0    0   1   2  12   0   0   0   6
  11   보스토크                18,000,000    18,000,000    18,000,000    1   0   0   5   1   0   0   5
------------------------------------------------------------------------------------------------------


제목 : 26.01.04 제  2 일  일 요일   6경주;   

 1700 M   출전:11두    국4등급   ( R1~50            연령오픈  )     출발:14:50
 핸디캡        일반      
  33,000,000원   13,200,000원    8,400,000원    3,000,000원    2,400,000원 
------------------------------------------------------------------------------------------------------
 마번  마   명            산지  성별 연령 중량       기수       조교사     마주              레이팅
------------------------------------------------------------------------------------------------------
   1   남산무적            한    수   7  53.0   (-4)우인철      강성오    이기선                 48
   2   서울돌풍            한    거   5  51.0   (-4)권중석      이관호    황은호                 42
   3   그로우              한    암   6  52.5       문정균      김동균    배석두                 38
   4   칸맥스              한    거   4  56.5       김용근      서인석    배영한                 47
   5   파워에치드          한    거   6  55.5       김옥성      심승태    박정재                 45
   6   파인핑크            한    암   4  54.5       이동하      전승규    파인트리               47
   7   백룡                한    수   5  53.0       조상범      최영주    최홍일                 40
   8   무제한급            한    수   3  53.5       빅투아르    문병기    남석우                 42
   9   비케이러브          한    암   4  52.5       조한별      조현수    함승원                 36
  10   캠프데이비드        한    거   5  55.0       푸르칸      강환민    배은정                 44
  11   월드조이            한    수   4  53.5       임다빈      홍대유    송태형                 41
------------------------------------------------------------------------------------------------------
                                                                          --총전적--      --1년전적--
 마번  마  명                  수득상금     1년수득상금  6개월수득상금  1위/2위/3위/계  1위/2위/3위/계
------------------------------------------------------------------------------------------------------
   1   남산무적               181,800,000    57,600,000    41,400,000    4   1   7  41   0   1   4  13
   2   서울돌풍               106,050,000    43,200,000    27,000,000    2   2   2  22   0   2   1   7
   3   그로우                 115,050,000    82,800,000    35,100,000    3   0   5  38   2   0   4  19
   4   칸맥스                 149,900,000     2,400,000     2,400,000    2   0   1   9   0   0   0   6
   5   파워에치드             144,300,000    47,400,000    11,400,000    3   2   4  35   1   0   1  11
   6   파인핑크                94,950,000    92,700,000    86,100,000    2   3   2   8   2   3   2   7
   7   백룡                    91,700,000    10,800,000             0    1   3   5  22   0   0   1   6
   8   무제한급               151,250,000   151,250,000   151,250,000    3   0   0   4   3   0   0   4
   9   비케이러브              62,550,000    36,150,000     3,000,000    2   1   1  14   1   0   1  10
  10   캠프데이비드           102,750,000    73,350,000    27,000,000    2   3   3  16   1   2   2   9
  11   월드조이               108,450,000   108,450,000    61,350,000    2   4   3  15   2   4   3  12
------------------------------------------------------------------------------------------------------


제목 : 26.01.04 제  2 일  일 요일   7경주;   

 1800 M   출전:10두    국3등급   ( R1~65            연령오픈  )     출발:15:40
 핸디캡        일반      
  41,250,000원   16,500,000원   10,500,000원    3,750,000원    3,000,000원 
------------------------------------------------------------------------------------------------------
 마번  마   명            산지  성별 연령 중량       기수       조교사     마주              레이팅
------------------------------------------------------------------------------------------------------
   1   거센강호            한(포)수   4  57.5       유승완      이관호    강석대                 62
   2   플라잉데이          한    암   4  55.5       김용근      이준철    김형순                 62
   3   노프라블럼          한    거   4  57.0       이동하      최용건    (주)나스카             61
   4   홀리데이참          한    거   8  54.5       조상범      최봉주    투애니포               56
   5   베스트토르          한    거   5  52.0       송재철      박천서    베스트샤인조합         51
   6   리멤버어게인        한    거   4  57.0       루이스      최용구    강홍수                 61
   7   슈어윈              한(포)암   6  51.0   (-4)조성환      토니      지성배                 60
   8   라이징모            한    암   4  52.5       조재로      서인석    양현모                 54
   9   컴플리트리더        한    거   6  55.0       조한별      강환민    장석영                 57
  10   골드뭉치            한    거   5  52.5       정정희      리카디    이기선                 51
------------------------------------------------------------------------------------------------------
                                                                          --총전적--      --1년전적--
 마번  마  명                  수득상금     1년수득상금  6개월수득상금  1위/2위/3위/계  1위/2위/3위/계
------------------------------------------------------------------------------------------------------
   1   거센강호               146,100,000   120,000,000    21,000,000    3   2   3  12   3   0   2   9
   2   플라잉데이             175,200,000   175,200,000   107,400,000    4   2   2  10   4   2   2  10
   3   노프라블럼             163,500,000   163,500,000   113,850,000    4   3   1   9   4   3   1   8
   4   홀리데이참             263,540,000    87,000,000     7,500,000    4   6   5  52   1   0   3  14
   5   베스트토르              94,950,000             0             0    3   1   1  19   0   0   0   7
   6   리멤버어게인           132,600,000   107,850,000    53,250,000    3   3   0  10   2   3   0   8
   7   슈어윈                 185,550,000     7,500,000     7,500,000    4   4   1  27   0   0   0   9
   8   라이징모               189,600,000   142,350,000    66,450,000    2   3   5  14   1   2   3   9
   9   컴플리트리더           149,050,000    36,750,000     3,750,000    2   3   7  24   1   0   0   8
  10   골드뭉치               102,000,000    60,750,000             0    3   1   1  14   1   1   1   9
------------------------------------------------------------------------------------------------------


제목 : 26.01.04 제  2 일  일 요일   8경주;   

 1600 M   출전:10두    1등급   ( R75~100          연령오픈  )     출발:16:30
 핸디캡        일반      
  60,500,000원   24,200,000원   15,400,000원    5,500,000원    4,400,000원 
------------------------------------------------------------------------------------------------------
 마번  마   명            산지  성별 연령 중량       기수       조교사     마주              레이팅
------------------------------------------------------------------------------------------------------
   1   빅스고              한    수   7  55.0   (-4)우인철      우창구    이선호                100
   2   용암세상            한    거   5  52.5       조재로      배휴준    김학록                 84
   3   거센반격            한    수   5  52.5       송재철      이관호    강석대                 84
   4   리월마              한    거   7  53.0   (-4)권중석      서홍수    박시용                 96
   5   금빛마              한    수   6  51.0       정우주      이관호    (주)디알엠씨티         81
   6   원펀치드래곤        한    수   4  52.0       김용근      이준철    (주)메타플렉스         86
   7   매직포션            미    거   5  52.5       장추열      문병기    김광두                 87
   8   컴플리트밸류        한    수   7  57.0       임기원      강환민    장석영                 96
   9   승부사              한    수   7  52.5       조상범      배휴준    박재범                 81
  10   마이센터            한    수   5  52.5       임다빈      정호익    백국인                 83
------------------------------------------------------------------------------------------------------
                                                                          --총전적--      --1년전적--
 마번  마  명                  수득상금     1년수득상금  6개월수득상금  1위/2위/3위/계  1위/2위/3위/계
------------------------------------------------------------------------------------------------------
   1   빅스고                 718,500,000   112,200,000    78,100,000    8   8   2  38   0   4   0  12
   2   용암세상               297,800,000   233,750,000             0    6   2   1  12   4   1   0   8
   3   거센반격               358,750,000    60,300,000    49,500,000    6   5   0  21   1   0   0   7
   4   리월마                 468,250,000    64,900,000    64,900,000    7   6   2  26   1   0   0   6
   5   금빛마                 342,150,000    16,500,000    11,000,000    6   5   4  32   0   0   0   8
   6   원펀치드래곤           371,800,000   316,000,000   192,500,000    8   0   1  10   6   0   0   7
   7   매직포션               308,000,000   308,000,000   110,000,000    6   0   0  11   6   0   0   8
   8   컴플리트밸류         1,020,660,000             0             0    9   4   2  23   0   0   0   3
   9   승부사                 632,250,000     4,400,000     4,400,000    6   2   4  30   0   0   0   6
  10   마이센터               317,050,000    15,400,000    15,400,000    6   2   2  22   0   0   1   4
------------------------------------------------------------------------------------------------------


제목 : 26.01.04 제  2 일  일 요일   9경주;   

 1200 M   출전:11두    혼4등급   ( R0~50            연령오픈  )     출발:17:25
 핸디캡        일반      
  33,000,000원   13,200,000원    8,400,000원    3,000,000원    2,400,000원 
------------------------------------------------------------------------------------------------------
 마번  마   명            산지  성별 연령 중량       기수       조교사     마주              레이팅
------------------------------------------------------------------------------------------------------
   1   라온스필레타        한    거   4  51.5   (-1)김성현      박종곤    손천수                 37
   2   벌교낙성            미    수   4  54.0       김효정      강성오    유성훈                 40
   3   마니노다지          한    거   4  54.5       장추열      최봉주    한영석                 41
   4   제라퀸              한    암   5  52.5       김용근      김동철    하늬바람               38
   5   풍운지마            한(포)암   5  56.0       조한별      박재우    박남성                 48
   6   마이던              미    수   3  52.5       루이스      정호익    권경자                 36
   7   원더풀에이원        미    수   4  53.0   (-4)조성환      우창구    임영수                 46
   8   천행챗              한    암   5  53.0       조상범      배휴준    조금제                 42
   9   스파르탄            한    수   4  51.5   (-4)권중석      안병기    말사모                 43
  10   마이머닝스          미    수   3  52.5       이동하      정호익    에스지이건설           38
  11   원다이아            미    수   3  52.5       임다빈      강환민    김아라                 37
------------------------------------------------------------------------------------------------------
                                                                          --총전적--      --1년전적--
 마번  마  명                  수득상금     1년수득상금  6개월수득상금  1위/2위/3위/계  1위/2위/3위/계
------------------------------------------------------------------------------------------------------
   1   라온스필레타            56,100,000    54,600,000    36,900,000    2   1   0   9   2   1   0   7
   2   벌교낙성                 6,000,000     6,000,000     3,000,000    0   0   0   2   0   0   0   2
   3   마니노다지              73,050,000    70,050,000    70,050,000    2   3   0  11   2   3   0   7
   4   제라퀸                  96,450,000    71,250,000    62,700,000    2   3   2  24   2   1   1  12
   5   풍운지마               117,450,000     8,400,000             0    2   3   2  11   0   0   1   4
   6   마이던                  13,800,000    13,800,000    13,800,000    0   0   1   6   0   0   1   6
   7   원더풀에이원            42,750,000    42,750,000    39,000,000    1   0   0   6   1   0   0   5
   8   천행챗                 130,550,000    16,800,000    13,800,000    2   4   3  33   0   0   1  13
   9   스파르탄                77,850,000    68,250,000     6,000,000    2   2   2  14   2   2   0   8
  10   마이머닝스              18,900,000    18,900,000    18,900,000    0   0   2   3   0   0   2   3
  11   원다이아                         0             0             0    0   0   0   2   0   0   0   2
------------------------------------------------------------------------------------------------------


제목 : 26.01.04 제  2 일  일 요일  10경주;   

 1400 M   출전:11두    혼3등급   ( R1~65            연령오픈  )     출발:17:55
 핸디캡        일반      
  41,250,000원   16,500,000원   10,500,000원    3,750,000원    3,000,000원 
------------------------------------------------------------------------------------------------------
 마번  마   명            산지  성별 연령 중량       기수       조교사     마주              레이팅
------------------------------------------------------------------------------------------------------
   1   나이스빅걸          미    암   5  52.5       정우주      박병일    에스지이건설           52
   2   디아나              한    암   5  53.5       코지        토니      이한준                 58
   3   골든드래곤          한    거   5  51.5   (-4)권중석      정하백    조수영                 58
   4   팔라티노            미    수   4  54.5       이용호      서홍수    박시용                 56
   5   빅토리히트          미    암   5  55.0       푸르칸      서인석    박남성                 61
   6   히어로삭스          미    거   4  54.5       유승완      이관호    김창식                 56
   7   에이스케이          미    거   4  56.0       장추열      우창구    강경운                 59
   8   로쉬                미    수   3  55.5       송재철      성상현    박재용                 59
   9   나노마신            미    거   5  54.0       해리카심    강환민    씨유네트워크           55
  10   호크프린스          미    거   7  51.0   (-2)이상규      토니      최상일                 51
  11   카우보이탱고        한    거   8  58.0       문정균      최봉주    임동현                 63
------------------------------------------------------------------------------------------------------
                                                                          --총전적--      --1년전적--
 마번  마  명                  수득상금     1년수득상금  6개월수득상금  1위/2위/3위/계  1위/2위/3위/계
------------------------------------------------------------------------------------------------------
   1   나이스빅걸              97,800,000     8,250,000             0    1   2   2  17   0   0   0   5
   2   디아나                 160,350,000    94,500,000    27,000,000    2   7   2  17   0   5   2   9
   3   골든드래곤             189,800,000    88,350,000    36,750,000    3   6   0  23   1   3   0   9
   4   팔라티노               105,750,000    78,750,000     3,000,000    1   2   2  10   1   1   1   8
   5   빅토리히트             135,600,000     3,000,000     3,000,000    2   2   2  22   0   0   0   4
   6   히어로삭스             118,800,000   100,200,000    46,500,000    1   4   0  17   1   3   0  12
   7   에이스케이             120,600,000   120,600,000    55,500,000    2   1   3  11   2   1   3  10
   8   로쉬                    74,250,000    74,250,000    74,250,000    2   0   0   2   2   0   0   2
   9   나노마신               123,900,000    88,500,000     3,000,000    2   2   1  23   2   1   0   9
  10   호크프린스             102,900,000     7,500,000             0    2   1   1  21   0   0   0   7
  11   카우보이탱고           217,640,000    24,750,000             0    4   5   4  44   0   1   0   7
------------------------------------------------------------------------------------------------------

